// Jest Snapshot v1, https://goo.gl/fbAQLP

exports[`<AppContent /> renders 1`] = `<component />`;
